Processing arg -v
Processing option -v
Processing arg -t
Processing option -t
Processing arg file.c
Got file file.c
