breaking from inner with 10
non-default: 0
finished
