c: h, pos: 5
c: e, pos: 6
c: l, pos: 7
c: l, pos: 8
c: o, pos: 9
c: a, pos: 11
c: n, pos: 12
c: d, pos: 13
c: g, pos: 15
c: o, pos: 16
c: o, pos: 17
c: d, pos: 18
c: b, pos: 19
c: y, pos: 20
c: e, pos: 21
c: f, pos: 23
c: o, pos: 24
c: r, pos: 25
c: n, pos: 27
c: o, pos: 28
c: w, pos: 29
